// Jest Snapshot v1, https://goo.gl/fbAQLP

exports[`@ryaninvents/plugin-bundle-dependencies should correctly resolve local dependencies 1`] = `
Array [
  "test-library",
  "test-library/index.js",
  "test-library/package.json",
  "test-library/src",
  "test-library/src/index.js",
]
`;

exports[`@ryaninvents/plugin-bundle-dependencies should create a zip file with node_modules 1`] = `
Array [
  "is-sorted",
  "is-sorted/.travis.yml",
  "is-sorted/LICENSE",
  "is-sorted/README.md",
  "is-sorted/index.js",
  "is-sorted/package.json",
  "is-sorted/test",
  "is-sorted/test/fixtures.json",
  "is-sorted/test/index.js",
  "map-obj",
  "map-obj/index.js",
  "map-obj/license",
  "map-obj/package.json",
  "map-obj/readme.md",
]
`;

exports[`@ryaninvents/plugin-bundle-dependencies should observe \`prefix\` option 1`] = `
Array [
  "nodejs/node_modules",
  "nodejs/node_modules/is-sorted",
  "nodejs/node_modules/is-sorted/.travis.yml",
  "nodejs/node_modules/is-sorted/LICENSE",
  "nodejs/node_modules/is-sorted/README.md",
  "nodejs/node_modules/is-sorted/index.js",
  "nodejs/node_modules/is-sorted/package.json",
  "nodejs/node_modules/is-sorted/test",
  "nodejs/node_modules/is-sorted/test/fixtures.json",
  "nodejs/node_modules/is-sorted/test/index.js",
  "nodejs/node_modules/map-obj",
  "nodejs/node_modules/map-obj/index.js",
  "nodejs/node_modules/map-obj/license",
  "nodejs/node_modules/map-obj/package.json",
  "nodejs/node_modules/map-obj/readme.md",
]
`;
